<html>
<body>
<pre>
<h1>µVision Build Log</h1>
<h2>Project:</h2>
E:\Marwan\projects\counter\Counter.uvproj
Project File Date:  05/09/2019

<h2>Output:</h2>
Build target 'Target 1'
compiling main.c...
linking...
Program Size: Code=1152 RO-data=636 RW-data=0 ZI-data=608  
".\Counter.axf" - 0 Error(s), 0 Warning(s).
Load "E:\\Marwan\\projects\\counter\\Counter.axf" 
Connecting: Mode=JTAG, Speed=1000000Hz
Erase Done.
Programming Done.
Verify OK.
       int x;
portinit.c(21): warning:  #550-D: variable "x" was set but never used
        int x;
portinit.c(36): warning:  #550-D: variable "x" was set but never used
        int x;
portinit.c: 3 warnings, 0 errors
linking...
Program Size: Code=912 RO-data=636 RW-data=0 ZI-data=608  
".\Counter.axf" - 0 Error(s), 4 Warning(s).

Error: Flash Download failed  -  Target DLL has been cancelled
Load "E:\\Marwan\\projects\\counter\\Counter.axf" 
Connecting: Mode=JTAG, Speed=1000000Hz
Connection failed!, error code=&d
Error: Flash Download failed  -  Target DLL has been cancelled
Load "E:\\Marwan\\projects\\counter\\Counter.axf" 
Connecting: Mode=JTAG, Speed=1000000Hz
Connection failed!, error code=&d
Error: Flash Download failed  -  Target DLL has been cancelled
Load "E:\\Marwan\\projects\\counter\\Counter.axf" 
Connecting: Mode=JTAG, Speed=1000000Hz
Connection failed!, error code=&d
Error: Flash Download failed  -  Target DLL has been cancelled
Load "E:\\Marwan\\projects\\counter\\Counter.axf" 
Connecting: Mode=JTAG, Speed=1000000Hz
Erase Done.
Programming Done.
Verify OK.
